Archive member included because of file (symbol)

/usr/lib/gcc/avr/4.7.2/avr5/libgcc.a(_exit.o)
                              /usr/lib/gcc/avr/4.7.2/../../../avr/lib/avr5/crtm32u4.o (exit)
/usr/lib/gcc/avr/4.7.2/avr5/libgcc.a(_copy_data.o)
                              poly_pedalsboard.o (__do_copy_data)
/usr/lib/gcc/avr/4.7.2/avr5/libgcc.a(_clear_bss.o)
                              poly_pedalsboard.o (__do_clear_bss)

Allocating common symbols
Common symbol       size              file

buffer              0x40              poly_pedalsboard.o

Discarded input sections

 .data          0x0000000000000000        0x0 /usr/lib/gcc/avr/4.7.2/../../../avr/lib/avr5/crtm32u4.o
 .bss           0x0000000000000000        0x0 /usr/lib/gcc/avr/4.7.2/../../../avr/lib/avr5/crtm32u4.o
 .text          0x0000000000000000        0x0 poly_pedalsboard.o
 .text          0x0000000000000000        0x0 usb_rawhid.o
 .data          0x0000000000000000        0x0 usb_rawhid.o
 .text.usb_rawhid_recv
                0x0000000000000000      0x1ce usb_rawhid.o
 .text          0x0000000000000000        0x0 analog.o
 .data          0x0000000000000000        0x1 analog.o
 .bss           0x0000000000000000        0x0 analog.o
 .text.analogRead
                0x0000000000000000       0x80 analog.o
 .progmem.data  0x0000000000000000        0xc analog.o
 .text          0x0000000000000000        0x0 /usr/lib/gcc/avr/4.7.2/avr5/libgcc.a(_exit.o)
 .data          0x0000000000000000        0x0 /usr/lib/gcc/avr/4.7.2/avr5/libgcc.a(_exit.o)
 .bss           0x0000000000000000        0x0 /usr/lib/gcc/avr/4.7.2/avr5/libgcc.a(_exit.o)
 .text.libgcc.mul
                0x0000000000000000        0x0 /usr/lib/gcc/avr/4.7.2/avr5/libgcc.a(_exit.o)
 .text.libgcc.div
                0x0000000000000000        0x0 /usr/lib/gcc/avr/4.7.2/avr5/libgcc.a(_exit.o)
 .text.libgcc   0x0000000000000000        0x0 /usr/lib/gcc/avr/4.7.2/avr5/libgcc.a(_exit.o)
 .text.libgcc.prologue
                0x0000000000000000        0x0 /usr/lib/gcc/avr/4.7.2/avr5/libgcc.a(_exit.o)
 .text.libgcc.builtins
                0x0000000000000000        0x0 /usr/lib/gcc/avr/4.7.2/avr5/libgcc.a(_exit.o)
 .text.libgcc.fmul
                0x0000000000000000        0x0 /usr/lib/gcc/avr/4.7.2/avr5/libgcc.a(_exit.o)
 .text          0x0000000000000000        0x0 /usr/lib/gcc/avr/4.7.2/avr5/libgcc.a(_copy_data.o)
 .data          0x0000000000000000        0x0 /usr/lib/gcc/avr/4.7.2/avr5/libgcc.a(_copy_data.o)
 .bss           0x0000000000000000        0x0 /usr/lib/gcc/avr/4.7.2/avr5/libgcc.a(_copy_data.o)
 .text.libgcc.mul
                0x0000000000000000        0x0 /usr/lib/gcc/avr/4.7.2/avr5/libgcc.a(_copy_data.o)
 .text.libgcc.div
                0x0000000000000000        0x0 /usr/lib/gcc/avr/4.7.2/avr5/libgcc.a(_copy_data.o)
 .text.libgcc   0x0000000000000000        0x0 /usr/lib/gcc/avr/4.7.2/avr5/libgcc.a(_copy_data.o)
 .text.libgcc.prologue
                0x0000000000000000        0x0 /usr/lib/gcc/avr/4.7.2/avr5/libgcc.a(_copy_data.o)
 .text.libgcc.builtins
                0x0000000000000000        0x0 /usr/lib/gcc/avr/4.7.2/avr5/libgcc.a(_copy_data.o)
 .text.libgcc.fmul
                0x0000000000000000        0x0 /usr/lib/gcc/avr/4.7.2/avr5/libgcc.a(_copy_data.o)
 .text          0x0000000000000000        0x0 /usr/lib/gcc/avr/4.7.2/avr5/libgcc.a(_clear_bss.o)
 .data          0x0000000000000000        0x0 /usr/lib/gcc/avr/4.7.2/avr5/libgcc.a(_clear_bss.o)
 .bss           0x0000000000000000        0x0 /usr/lib/gcc/avr/4.7.2/avr5/libgcc.a(_clear_bss.o)
 .text.libgcc.mul
                0x0000000000000000        0x0 /usr/lib/gcc/avr/4.7.2/avr5/libgcc.a(_clear_bss.o)
 .text.libgcc.div
                0x0000000000000000        0x0 /usr/lib/gcc/avr/4.7.2/avr5/libgcc.a(_clear_bss.o)
 .text.libgcc   0x0000000000000000        0x0 /usr/lib/gcc/avr/4.7.2/avr5/libgcc.a(_clear_bss.o)
 .text.libgcc.prologue
                0x0000000000000000        0x0 /usr/lib/gcc/avr/4.7.2/avr5/libgcc.a(_clear_bss.o)
 .text.libgcc.builtins
                0x0000000000000000        0x0 /usr/lib/gcc/avr/4.7.2/avr5/libgcc.a(_clear_bss.o)
 .text.libgcc.fmul
                0x0000000000000000        0x0 /usr/lib/gcc/avr/4.7.2/avr5/libgcc.a(_clear_bss.o)

Memory Configuration

Name             Origin             Length             Attributes
text             0x0000000000000000 0x0000000000020000 xr
data             0x0000000000800060 0x000000000000ffa0 rw !x
eeprom           0x0000000000810000 0x0000000000010000 rw !x
fuse             0x0000000000820000 0x0000000000000400 rw !x
lock             0x0000000000830000 0x0000000000000400 rw !x
signature        0x0000000000840000 0x0000000000000400 rw !x
*default*        0x0000000000000000 0xffffffffffffffff

Linker script and memory map

Address of section .data set to 0x800100
LOAD /usr/lib/gcc/avr/4.7.2/../../../avr/lib/avr5/crtm32u4.o
LOAD poly_pedalsboard.o
LOAD usb_rawhid.o
LOAD analog.o
LOAD /usr/lib/gcc/avr/4.7.2/../../../avr/lib/avr5/libm.a
LOAD /usr/lib/gcc/avr/4.7.2/avr5/libgcc.a
LOAD /usr/lib/gcc/avr/4.7.2/../../../avr/lib/avr5/libc.a
LOAD /usr/lib/gcc/avr/4.7.2/avr5/libgcc.a

.hash
 *(.hash)

.dynsym
 *(.dynsym)

.dynstr
 *(.dynstr)

.gnu.version
 *(.gnu.version)

.gnu.version_d
 *(.gnu.version_d)

.gnu.version_r
 *(.gnu.version_r)

.rel.init
 *(.rel.init)

.rela.init
 *(.rela.init)

.rel.text
 *(.rel.text)
 *(.rel.text.*)
 *(.rel.gnu.linkonce.t*)

.rela.text
 *(.rela.text)
 *(.rela.text.*)
 *(.rela.gnu.linkonce.t*)

.rel.fini
 *(.rel.fini)

.rela.fini
 *(.rela.fini)

.rel.rodata
 *(.rel.rodata)
 *(.rel.rodata.*)
 *(.rel.gnu.linkonce.r*)

.rela.rodata
 *(.rela.rodata)
 *(.rela.rodata.*)
 *(.rela.gnu.linkonce.r*)

.rel.data
 *(.rel.data)
 *(.rel.data.*)
 *(.rel.gnu.linkonce.d*)

.rela.data
 *(.rela.data)
 *(.rela.data.*)
 *(.rela.gnu.linkonce.d*)

.rel.ctors
 *(.rel.ctors)

.rela.ctors
 *(.rela.ctors)

.rel.dtors
 *(.rel.dtors)

.rela.dtors
 *(.rela.dtors)

.rel.got
 *(.rel.got)

.rela.got
 *(.rela.got)

.rel.bss
 *(.rel.bss)

.rela.bss
 *(.rela.bss)

.rel.plt
 *(.rel.plt)

.rela.plt
 *(.rela.plt)

.text           0x0000000000000000      0x8a8
 *(.vectors)
 .vectors       0x0000000000000000       0xac /usr/lib/gcc/avr/4.7.2/../../../avr/lib/avr5/crtm32u4.o
                0x0000000000000000                __vectors
                0x0000000000000000                __vector_default
 *(.vectors)
 *(.progmem.gcc*)
 *(.progmem*)
 .progmem.data  0x00000000000000ac       0xd6 usb_rawhid.o
                0x00000000000000ac                descriptor_list
                0x00000000000000dd                string2
                0x000000000000010d                string1
                0x000000000000011f                string0
                0x0000000000000123                config1_descriptor
                0x000000000000014c                rawhid_hid_report_desc
                0x0000000000000168                device_descriptor
                0x0000000000000182                . = ALIGN (0x2)
                0x0000000000000182                __trampolines_start = .
 *(.trampolines)
 .trampolines   0x0000000000000182        0x0 linker stubs
 *(.trampolines*)
                0x0000000000000182                __trampolines_end = .
 *(.jumptables)
 *(.jumptables*)
 *(.lowtext)
 *(.lowtext*)
                0x0000000000000182                __ctors_start = .
 *(.ctors)
                0x0000000000000182                __ctors_end = .
                0x0000000000000182                __dtors_start = .
 *(.dtors)
                0x0000000000000182                __dtors_end = .
 SORT(*)(.ctors)
 SORT(*)(.dtors)
 *(.init0)
 .init0         0x0000000000000182        0x0 /usr/lib/gcc/avr/4.7.2/../../../avr/lib/avr5/crtm32u4.o
                0x0000000000000182                __init
 *(.init0)
 *(.init1)
 *(.init1)
 *(.init2)
 .init2         0x0000000000000182        0xc /usr/lib/gcc/avr/4.7.2/../../../avr/lib/avr5/crtm32u4.o
 *(.init2)
 *(.init3)
 *(.init3)
 *(.init4)
 .init4         0x000000000000018e       0x16 /usr/lib/gcc/avr/4.7.2/avr5/libgcc.a(_copy_data.o)
                0x000000000000018e                __do_copy_data
 .init4         0x00000000000001a4       0x10 /usr/lib/gcc/avr/4.7.2/avr5/libgcc.a(_clear_bss.o)
                0x00000000000001a4                __do_clear_bss
 *(.init4)
 *(.init5)
 *(.init5)
 *(.init6)
 *(.init6)
 *(.init7)
 *(.init7)
 *(.init8)
 *(.init8)
 *(.init9)
 .init9         0x00000000000001b4        0x4 /usr/lib/gcc/avr/4.7.2/../../../avr/lib/avr5/crtm32u4.o
 *(.init9)
 *(.text)
 .text          0x00000000000001b8        0x2 /usr/lib/gcc/avr/4.7.2/../../../avr/lib/avr5/crtm32u4.o
                0x00000000000001b8                __vector_38
                0x00000000000001b8                __vector_22
                0x00000000000001b8                __vector_28
                0x00000000000001b8                __vector_1
                0x00000000000001b8                __vector_32
                0x00000000000001b8                __vector_34
                0x00000000000001b8                __vector_24
                0x00000000000001b8                __vector_12
                0x00000000000001b8                __bad_interrupt
                0x00000000000001b8                __vector_6
                0x00000000000001b8                __vector_31
                0x00000000000001b8                __vector_35
                0x00000000000001b8                __vector_39
                0x00000000000001b8                __vector_3
                0x00000000000001b8                __vector_30
                0x00000000000001b8                __vector_25
                0x00000000000001b8                __vector_13
                0x00000000000001b8                __vector_17
                0x00000000000001b8                __vector_19
                0x00000000000001b8                __vector_7
                0x00000000000001b8                __vector_41
                0x00000000000001b8                __vector_27
                0x00000000000001b8                __vector_5
                0x00000000000001b8                __vector_33
                0x00000000000001b8                __vector_37
                0x00000000000001b8                __vector_4
                0x00000000000001b8                __vector_9
                0x00000000000001b8                __vector_2
                0x00000000000001b8                __vector_21
                0x00000000000001b8                __vector_15
                0x00000000000001b8                __vector_36
                0x00000000000001b8                __vector_29
                0x00000000000001b8                __vector_40
                0x00000000000001b8                __vector_8
                0x00000000000001b8                __vector_26
                0x00000000000001b8                __vector_14
                0x00000000000001b8                __vector_16
                0x00000000000001b8                __vector_18
                0x00000000000001b8                __vector_20
                0x00000000000001b8                __vector_42
                0x00000000000001ba                . = ALIGN (0x2)
 *(.text.*)
 .text.startup.main
                0x00000000000001ba      0x196 poly_pedalsboard.o
                0x00000000000001ba                main
 .text.__vector_23
                0x0000000000000350       0x22 poly_pedalsboard.o
                0x0000000000000350                __vector_23
 .text.usb_wait_in_ready
                0x0000000000000372        0xa usb_rawhid.o
 .text.usb_init
                0x000000000000037c       0x2e usb_rawhid.o
                0x000000000000037c                usb_init
 .text.usb_configured
                0x00000000000003aa        0x6 usb_rawhid.o
                0x00000000000003aa                usb_configured
 .text.usb_rawhid_send
                0x00000000000003b0      0x1ce usb_rawhid.o
                0x00000000000003b0                usb_rawhid_send
 .text.__vector_10
                0x000000000000057e       0x6e usb_rawhid.o
                0x000000000000057e                __vector_10
 .text.__vector_11
                0x00000000000005ec      0x2b8 usb_rawhid.o
                0x00000000000005ec                __vector_11
                0x00000000000008a4                . = ALIGN (0x2)
 *(.fini9)
 .fini9         0x00000000000008a4        0x0 /usr/lib/gcc/avr/4.7.2/avr5/libgcc.a(_exit.o)
                0x00000000000008a4                exit
                0x00000000000008a4                _exit
 *(.fini9)
 *(.fini8)
 *(.fini8)
 *(.fini7)
 *(.fini7)
 *(.fini6)
 *(.fini6)
 *(.fini5)
 *(.fini5)
 *(.fini4)
 *(.fini4)
 *(.fini3)
 *(.fini3)
 *(.fini2)
 *(.fini2)
 *(.fini1)
 *(.fini1)
 *(.fini0)
 .fini0         0x00000000000008a4        0x4 /usr/lib/gcc/avr/4.7.2/avr5/libgcc.a(_exit.o)
 *(.fini0)
                0x00000000000008a8                _etext = .

.data           0x0000000000800100       0x20 load address 0x00000000000008a8
                0x0000000000800100                PROVIDE (__data_start, .)
 *(.data)
 .data          0x0000000000800100       0x20 poly_pedalsboard.o
                0x0000000000800100                f
                0x0000000000800108                d
                0x0000000000800110                c
                0x0000000000800118                b
 *(.data*)
 *(.rodata)
 *(.rodata*)
 *(.gnu.linkonce.d*)
                0x0000000000800120                . = ALIGN (0x2)
                0x0000000000800120                _edata = .
                0x0000000000800120                PROVIDE (__data_end, .)

.bss            0x0000000000800120       0x45
                0x0000000000800120                PROVIDE (__bss_start, .)
 *(.bss)
 .bss           0x0000000000800120        0x2 poly_pedalsboard.o
                0x0000000000800120                do_output
 .bss           0x0000000000800122        0x3 usb_rawhid.o
 *(.bss*)
 *(COMMON)
 COMMON         0x0000000000800125       0x40 poly_pedalsboard.o
                0x0000000000800125                buffer
                0x0000000000800165                PROVIDE (__bss_end, .)
                0x00000000000008a8                __data_load_start = LOADADDR (.data)
                0x00000000000008c8                __data_load_end = (__data_load_start + SIZEOF (.data))

.noinit         0x0000000000800165        0x0
                0x0000000000800165                PROVIDE (__noinit_start, .)
 *(.noinit*)
                0x0000000000800165                PROVIDE (__noinit_end, .)
                0x0000000000800165                _end = .
                0x0000000000800165                PROVIDE (__heap_start, .)

.eeprom         0x0000000000810000        0x0
 *(.eeprom*)
                0x0000000000810000                __eeprom_end = .

.fuse
 *(.fuse)
 *(.lfuse)
 *(.hfuse)
 *(.efuse)

.lock
 *(.lock*)

.signature
 *(.signature*)

.stab           0x0000000000000000      0x6cc
 *(.stab)
 .stab          0x0000000000000000      0x6cc /usr/lib/gcc/avr/4.7.2/../../../avr/lib/avr5/crtm32u4.o

.stabstr        0x0000000000000000       0x54
 *(.stabstr)
 .stabstr       0x0000000000000000       0x54 /usr/lib/gcc/avr/4.7.2/../../../avr/lib/avr5/crtm32u4.o

.stab.excl
 *(.stab.excl)

.stab.exclstr
 *(.stab.exclstr)

.stab.index
 *(.stab.index)

.stab.indexstr
 *(.stab.indexstr)

.comment        0x0000000000000000       0x11
 *(.comment)
 .comment       0x0000000000000000       0x11 poly_pedalsboard.o
                                         0x12 (size before relaxing)
 .comment       0x0000000000000000       0x12 usb_rawhid.o
 .comment       0x0000000000000000       0x12 analog.o

.debug
 *(.debug)

.line
 *(.line)

.debug_srcinfo
 *(.debug_srcinfo)

.debug_sfnames
 *(.debug_sfnames)

.debug_aranges  0x0000000000000000       0x98
 *(.debug_aranges)
 .debug_aranges
                0x0000000000000000       0x28 poly_pedalsboard.o
 .debug_aranges
                0x0000000000000028       0x50 usb_rawhid.o
 .debug_aranges
                0x0000000000000078       0x20 analog.o

.debug_pubnames
 *(.debug_pubnames)

.debug_info     0x0000000000000000      0xa75
 *(.debug_info)
 .debug_info    0x0000000000000000      0x29a poly_pedalsboard.o
 .debug_info    0x000000000000029a      0x6b0 usb_rawhid.o
 .debug_info    0x000000000000094a      0x12b analog.o
 *(.gnu.linkonce.wi.*)

.debug_abbrev   0x0000000000000000      0x44c
 *(.debug_abbrev)
 .debug_abbrev  0x0000000000000000      0x1ce poly_pedalsboard.o
 .debug_abbrev  0x00000000000001ce      0x1ba usb_rawhid.o
 .debug_abbrev  0x0000000000000388       0xc4 analog.o

.debug_line     0x0000000000000000      0x4a7
 *(.debug_line)
 .debug_line    0x0000000000000000      0x13a poly_pedalsboard.o
 .debug_line    0x000000000000013a      0x2e7 usb_rawhid.o
 .debug_line    0x0000000000000421       0x86 analog.o

.debug_frame    0x0000000000000000      0x16c
 *(.debug_frame)
 .debug_frame   0x0000000000000000       0x44 poly_pedalsboard.o
 .debug_frame   0x0000000000000044      0x104 usb_rawhid.o
 .debug_frame   0x0000000000000148       0x24 analog.o

.debug_str      0x0000000000000000      0x361
 *(.debug_str)
 .debug_str     0x0000000000000000      0x136 poly_pedalsboard.o
                                        0x177 (size before relaxing)
 .debug_str     0x0000000000000136      0x1ef usb_rawhid.o
                                        0x2f8 (size before relaxing)
 .debug_str     0x0000000000000325       0x3c analog.o
                                        0x108 (size before relaxing)

.debug_loc      0x0000000000000000     0x1151
 *(.debug_loc)
 .debug_loc     0x0000000000000000       0x74 poly_pedalsboard.o
 .debug_loc     0x0000000000000074      0xfe2 usb_rawhid.o
 .debug_loc     0x0000000000001056       0xfb analog.o

.debug_macinfo
 *(.debug_macinfo)
OUTPUT(poly_pedalsboard.elf elf32-avr)
LOAD linker stubs

.debug_ranges   0x0000000000000000       0xe0
 .debug_ranges  0x0000000000000000       0x18 poly_pedalsboard.o
 .debug_ranges  0x0000000000000018       0xb8 usb_rawhid.o
 .debug_ranges  0x00000000000000d0       0x10 analog.o

Cross Reference Table

Symbol                                            File
__bad_interrupt                                   /usr/lib/gcc/avr/4.7.2/../../../avr/lib/avr5/crtm32u4.o
__bss_end                                         /usr/lib/gcc/avr/4.7.2/avr5/libgcc.a(_clear_bss.o)
__bss_start                                       /usr/lib/gcc/avr/4.7.2/avr5/libgcc.a(_clear_bss.o)
__data_end                                        /usr/lib/gcc/avr/4.7.2/avr5/libgcc.a(_copy_data.o)
__data_load_start                                 /usr/lib/gcc/avr/4.7.2/avr5/libgcc.a(_copy_data.o)
__data_start                                      /usr/lib/gcc/avr/4.7.2/avr5/libgcc.a(_copy_data.o)
__do_clear_bss                                    /usr/lib/gcc/avr/4.7.2/avr5/libgcc.a(_clear_bss.o)
                                                  usb_rawhid.o
                                                  poly_pedalsboard.o
__do_copy_data                                    /usr/lib/gcc/avr/4.7.2/avr5/libgcc.a(_copy_data.o)
                                                  analog.o
                                                  poly_pedalsboard.o
__heap_end                                        /usr/lib/gcc/avr/4.7.2/../../../avr/lib/avr5/crtm32u4.o
__init                                            /usr/lib/gcc/avr/4.7.2/../../../avr/lib/avr5/crtm32u4.o
__stack                                           /usr/lib/gcc/avr/4.7.2/../../../avr/lib/avr5/crtm32u4.o
__vector_1                                        /usr/lib/gcc/avr/4.7.2/../../../avr/lib/avr5/crtm32u4.o
__vector_10                                       usb_rawhid.o
                                                  /usr/lib/gcc/avr/4.7.2/../../../avr/lib/avr5/crtm32u4.o
__vector_11                                       usb_rawhid.o
                                                  /usr/lib/gcc/avr/4.7.2/../../../avr/lib/avr5/crtm32u4.o
__vector_12                                       /usr/lib/gcc/avr/4.7.2/../../../avr/lib/avr5/crtm32u4.o
__vector_13                                       /usr/lib/gcc/avr/4.7.2/../../../avr/lib/avr5/crtm32u4.o
__vector_14                                       /usr/lib/gcc/avr/4.7.2/../../../avr/lib/avr5/crtm32u4.o
__vector_15                                       /usr/lib/gcc/avr/4.7.2/../../../avr/lib/avr5/crtm32u4.o
__vector_16                                       /usr/lib/gcc/avr/4.7.2/../../../avr/lib/avr5/crtm32u4.o
__vector_17                                       /usr/lib/gcc/avr/4.7.2/../../../avr/lib/avr5/crtm32u4.o
__vector_18                                       /usr/lib/gcc/avr/4.7.2/../../../avr/lib/avr5/crtm32u4.o
__vector_19                                       /usr/lib/gcc/avr/4.7.2/../../../avr/lib/avr5/crtm32u4.o
__vector_2                                        /usr/lib/gcc/avr/4.7.2/../../../avr/lib/avr5/crtm32u4.o
__vector_20                                       /usr/lib/gcc/avr/4.7.2/../../../avr/lib/avr5/crtm32u4.o
__vector_21                                       /usr/lib/gcc/avr/4.7.2/../../../avr/lib/avr5/crtm32u4.o
__vector_22                                       /usr/lib/gcc/avr/4.7.2/../../../avr/lib/avr5/crtm32u4.o
__vector_23                                       poly_pedalsboard.o
                                                  /usr/lib/gcc/avr/4.7.2/../../../avr/lib/avr5/crtm32u4.o
__vector_24                                       /usr/lib/gcc/avr/4.7.2/../../../avr/lib/avr5/crtm32u4.o
__vector_25                                       /usr/lib/gcc/avr/4.7.2/../../../avr/lib/avr5/crtm32u4.o
__vector_26                                       /usr/lib/gcc/avr/4.7.2/../../../avr/lib/avr5/crtm32u4.o
__vector_27                                       /usr/lib/gcc/avr/4.7.2/../../../avr/lib/avr5/crtm32u4.o
__vector_28                                       /usr/lib/gcc/avr/4.7.2/../../../avr/lib/avr5/crtm32u4.o
__vector_29                                       /usr/lib/gcc/avr/4.7.2/../../../avr/lib/avr5/crtm32u4.o
__vector_3                                        /usr/lib/gcc/avr/4.7.2/../../../avr/lib/avr5/crtm32u4.o
__vector_30                                       /usr/lib/gcc/avr/4.7.2/../../../avr/lib/avr5/crtm32u4.o
__vector_31                                       /usr/lib/gcc/avr/4.7.2/../../../avr/lib/avr5/crtm32u4.o
__vector_32                                       /usr/lib/gcc/avr/4.7.2/../../../avr/lib/avr5/crtm32u4.o
__vector_33                                       /usr/lib/gcc/avr/4.7.2/../../../avr/lib/avr5/crtm32u4.o
__vector_34                                       /usr/lib/gcc/avr/4.7.2/../../../avr/lib/avr5/crtm32u4.o
__vector_35                                       /usr/lib/gcc/avr/4.7.2/../../../avr/lib/avr5/crtm32u4.o
__vector_36                                       /usr/lib/gcc/avr/4.7.2/../../../avr/lib/avr5/crtm32u4.o
__vector_37                                       /usr/lib/gcc/avr/4.7.2/../../../avr/lib/avr5/crtm32u4.o
__vector_38                                       /usr/lib/gcc/avr/4.7.2/../../../avr/lib/avr5/crtm32u4.o
__vector_39                                       /usr/lib/gcc/avr/4.7.2/../../../avr/lib/avr5/crtm32u4.o
__vector_4                                        /usr/lib/gcc/avr/4.7.2/../../../avr/lib/avr5/crtm32u4.o
__vector_40                                       /usr/lib/gcc/avr/4.7.2/../../../avr/lib/avr5/crtm32u4.o
__vector_41                                       /usr/lib/gcc/avr/4.7.2/../../../avr/lib/avr5/crtm32u4.o
__vector_42                                       /usr/lib/gcc/avr/4.7.2/../../../avr/lib/avr5/crtm32u4.o
__vector_5                                        /usr/lib/gcc/avr/4.7.2/../../../avr/lib/avr5/crtm32u4.o
__vector_6                                        /usr/lib/gcc/avr/4.7.2/../../../avr/lib/avr5/crtm32u4.o
__vector_7                                        /usr/lib/gcc/avr/4.7.2/../../../avr/lib/avr5/crtm32u4.o
__vector_8                                        /usr/lib/gcc/avr/4.7.2/../../../avr/lib/avr5/crtm32u4.o
__vector_9                                        /usr/lib/gcc/avr/4.7.2/../../../avr/lib/avr5/crtm32u4.o
__vector_default                                  /usr/lib/gcc/avr/4.7.2/../../../avr/lib/avr5/crtm32u4.o
__vectors                                         /usr/lib/gcc/avr/4.7.2/../../../avr/lib/avr5/crtm32u4.o
_exit                                             /usr/lib/gcc/avr/4.7.2/avr5/libgcc.a(_exit.o)
analogRead                                        analog.o
analog_reference_config_val                       analog.o
b                                                 poly_pedalsboard.o
buffer                                            poly_pedalsboard.o
c                                                 poly_pedalsboard.o
config1_descriptor                                usb_rawhid.o
d                                                 poly_pedalsboard.o
descriptor_list                                   usb_rawhid.o
device_descriptor                                 usb_rawhid.o
do_output                                         poly_pedalsboard.o
exit                                              /usr/lib/gcc/avr/4.7.2/avr5/libgcc.a(_exit.o)
                                                  /usr/lib/gcc/avr/4.7.2/../../../avr/lib/avr5/crtm32u4.o
f                                                 poly_pedalsboard.o
main                                              poly_pedalsboard.o
                                                  /usr/lib/gcc/avr/4.7.2/../../../avr/lib/avr5/crtm32u4.o
rawhid_hid_report_desc                            usb_rawhid.o
string0                                           usb_rawhid.o
string1                                           usb_rawhid.o
string2                                           usb_rawhid.o
usb_configured                                    usb_rawhid.o
                                                  poly_pedalsboard.o
usb_init                                          usb_rawhid.o
                                                  poly_pedalsboard.o
usb_rawhid_recv                                   usb_rawhid.o
usb_rawhid_send                                   usb_rawhid.o
                                                  poly_pedalsboard.o
